[gbot.dev/index.html]
[backblue.gif]
[fade.gif]
[index.html]
[gbot.dev/wp-includes/css/dist/block-library/style.min03ec.css]
[gbot.dev/wp-content/plugins/contact-form-7/includes/css/styles6725.css]
[gbot.dev/wp-content/plugins/uncode-privacy/assets/css/uncode-privacy-publice1fc.css]
[gbot.dev/wp-content/themes/uncode/library/css/style234b.css]
[gbot.dev/comments/feed/index.html]
[gbot.dev/wp-content/themes/uncode/library/css/style-custom234b.css]
[gbot.dev/wp-includes/js/jquery/jquery4a5f.js]
[gbot.dev/wp-includes/js/jquery/jquery-migrate.min330a.js]
[gbot.dev/wp-content/themes/uncode/library/js/ai-uncode.js]
[gbot.dev/wp-content/themes/uncode/library/js/init234b.js]
[gbot.dev/wp-includes/wlwmanifest.xml]
[gbot.dev/wp-json/index.html]
[gbot.dev/wp-json/oembed/1.0/embedd40e.json]
[gbot.dev/wp-json/oembed/1.0/embed7a19]
[gbot.dev/wp-content/uploads/2020/01/cropped-icon-1-32x32.png]
[gbot.dev/wp-content/uploads/2020/01/cropped-icon-1-192x192.png]
[gbot.dev/index0db0.html]
[gbot.dev/wp-content/uploads/2020/01/cropped-icon-1-180x180.png]
[gbot.dev/wp-content/uploads/2020/03/Hero-Video230a.mp4]
[gbot.dev/wp-content/uploads/2020/03/Hero-Video.mp4]
[gbot.dev/wp-content/uploads/2020/03/Illustration002-uai-258x258.png]
[gbot.dev/wp-content/uploads/2019/10/texture-geometric-uai-258x143.png]
[gbot.dev/wp-content/uploads/2020/03/office-concept-illustration-uai-258x145.png]
[gbot.dev/wp-content/uploads/2020/01/React.js_logo-512-uai-258x258.png]
[gbot.dev/wp-content/uploads/2020/01/Dart-logo-uai-258x258.png]
[gbot.dev/wp-content/uploads/2020/01/firebase-uai-258x258.png]
[gbot.dev/wp-content/uploads/2020/01/1184px-Vue.js_Logo_2.svg-uai-258x224.png]
[gbot.dev/wp-content/uploads/2020/03/11-111657_file-graphql-logo-svg-graphql-logo-svg-hd-uai-258x302.png]
[gbot.dev/wp-content/uploads/2020/03/designer-concept-illustration-uai-258x258.png]
[gbot.dev/wp-content/uploads/2020/03/browser-statistik-konzept-illustration-uai-258x258.png]
[gbot.dev/wp-content/uploads/2019/10/image-placeholder-26-min-uai-193x258.jpg]
[gbot.dev/wp-content/uploads/2019/10/image-placeholder-1-min-uai-193x258.jpg]
[gbot.dev/wp-content/uploads/2019/10/image-placeholder-19-min-uai-193x258.jpg]
[gbot.dev/wp-content/uploads/2020/03/ilustracion-concepto-estadisticas-uai-258x172.png]
[gbot.dev/wp-content/plugins/contact-form-7/includes/js/scripts6725.js]
[gbot.dev/wp-content/plugins/uncode-privacy/assets/js/js-cookie.min3601.js]
[gbot.dev/wp-content/plugins/uncode-privacy/assets/js/uncode-privacy-public.mine1fc.js]
[gbot.dev/portfolio/centered-gallery-full-width/index.html]
[gbot.dev/wp-includes/js/mediaelement/mediaelement-and-player.minc270.js]
[gbot.dev/wp-includes/js/mediaelement/mediaelement-migrate.min03ec.js]
[gbot.dev/portfolio/sidebar-stack/index.html]
[gbot.dev/wp-includes/js/mediaelement/wp-mediaelement.min03ec.js]
[gbot.dev/wp-content/themes/uncode/library/js/plugins234b.js]
[gbot.dev/wp-content/themes/uncode/library/js/app234b.js]
[gbot.dev/wp-includes/js/wp-embed.min03ec.js]
[gbot.dev/index.html]
[gbot.dev/wp-includes/js/mediaelement/renderers/vimeo.minc270.js]
[gbot.dev/portfolio/sidebar-slides-full-width/index.html]
[gbot.dev/wp-includes/css/dist/block-library/style.min03ec.css]
[gbot.dev/2020/02/28/new-blogs-are-coming/index.html]
[gbot.dev/2020/03/24/adding-splash-screen-animation-to-default-flutter-app/index.html]
[gbot.dev/feed/index.html]
[gbot.dev/2020/03/24/building-a-flutter-quiz-app-using-firebase-hasura-graphql-engine-part-1/index.html]
[gbot.dev/wp-content/plugins/contact-form-7/images/ajax-loader.gif]
[gbot.dev/wp-content/plugins/contact-form-7/includes/css/styles6725.css]
[gbot.dev/wp-content/plugins/uncode-privacy/assets/css/uncode-privacy-publice1fc.css]
[gbot.dev/wp-content/themes/uncode/library/img/ilightbox/social_icons/facebook_16.png]
[gbot.dev/wp-content/themes/uncode/library/img/ilightbox/social_icons/digg_16.png]
[gbot.dev/wp-content/themes/uncode/library/img/ilightbox/social_icons/twitter_16.png]
[gbot.dev/wp-content/themes/uncode/library/img/ilightbox/social_icons/delicious_16.png]
[gbot.dev/wp-content/themes/uncode/library/img/ilightbox/social_icons/reddit_16.png]
[gbot.dev/wp-content/themes/uncode/library/img/ilightbox/social_icons/google_plus_16.png]
[gbot.dev/wp-content/themes/uncode/library/img/ilightbox/black-skin/alert.png]
[gbot.dev/wp-content/themes/uncode/library/img/ilightbox/black-skin/buttons.png]
[gbot.dev/wp-content/themes/uncode/library/img/ilightbox/black-skin/fullscreen-icon-64.png]
[gbot.dev/wp-content/themes/uncode/library/img/ilightbox/black-skin/fullscreen-icon-ie.png]
[gbot.dev/wp-content/themes/uncode/library/img/ilightbox/black-skin/x-mark-icon-64.png]
[gbot.dev/wp-content/themes/uncode/library/img/ilightbox/black-skin/x-mark-icon-ie.png]
[gbot.dev/wp-content/themes/uncode/library/img/ilightbox/black-skin/arrow-next-icon-64.png]
[gbot.dev/wp-content/themes/uncode/library/img/ilightbox/black-skin/arrow-next-icon-ie.png]
[gbot.dev/wp-content/themes/uncode/library/img/ilightbox/black-skin/arrow-prev-icon-64.png]
[gbot.dev/wp-content/themes/uncode/library/img/ilightbox/black-skin/arrow-prev-icon-ie.png]
[gbot.dev/wp-content/themes/uncode/library/img/ilightbox/black-skin/play-icon-64.png]
[gbot.dev/wp-content/themes/uncode/library/img/ilightbox/black-skin/play-icon-ie.png]
[gbot.dev/wp-content/themes/uncode/library/img/ilightbox/black-skin/pause-icon-64.png]
[gbot.dev/wp-content/themes/uncode/library/img/ilightbox/black-skin/pause-icon-ie.png]
[gbot.dev/wp-content/themes/uncode/library/img/ilightbox/black-skin/thumb-overlay-play.png]
[gbot.dev/wp-content/themes/uncode/library/img/ilightbox/black-skin/arrows_vertical.png]
[gbot.dev/wp-content/themes/uncode/library/img/ilightbox/black-skin/arrows_horizontal.png]
[gbot.dev/wp-content/themes/uncode/library/img/ilightbox/white-skin/alert.png]
[gbot.dev/wp-content/themes/uncode/library/img/ilightbox/white-skin/buttons.png]
[gbot.dev/wp-content/themes/uncode/library/img/ilightbox/white-skin/fullscreen-icon-64.png]
[gbot.dev/wp-content/themes/uncode/library/img/ilightbox/white-skin/fullscreen-icon-ie.png]
[gbot.dev/wp-content/themes/uncode/library/img/ilightbox/white-skin/x-mark-icon-64.png]
[gbot.dev/wp-content/themes/uncode/library/img/ilightbox/white-skin/x-mark-icon-ie.png]
[gbot.dev/wp-content/themes/uncode/library/img/ilightbox/white-skin/arrow-next-icon-64.png]
[gbot.dev/wp-content/themes/uncode/library/img/ilightbox/white-skin/arrow-next-icon-ie.png]
[gbot.dev/wp-content/themes/uncode/library/img/ilightbox/white-skin/arrow-prev-icon-64.png]
[gbot.dev/wp-content/themes/uncode/library/img/ilightbox/white-skin/arrow-prev-icon-ie.png]
[gbot.dev/wp-content/themes/uncode/library/img/ilightbox/white-skin/play-icon-64.png]
[gbot.dev/wp-content/themes/uncode/library/img/ilightbox/white-skin/play-icon-ie.png]
[gbot.dev/wp-content/themes/uncode/library/img/ilightbox/white-skin/pause-icon-64.png]
[gbot.dev/wp-content/themes/uncode/library/img/ilightbox/white-skin/pause-icon-ie.png]
[gbot.dev/wp-content/themes/uncode/library/img/ilightbox/white-skin/thumb-overlay-play.png]
[gbot.dev/wp-content/themes/uncode/library/img/ilightbox/white-skin/arrows_vertical.png]
[gbot.dev/wp-content/themes/uncode/library/img/ilightbox/white-skin/arrows_horizontal.png]
[gbot.dev/wp-content/themes/uncode/library/css/style234b.css]
[gbot.dev/wp-content/themes/uncode/library/css/style-custom234b.css]
[gbot.dev/wp-content/themes/uncode/library/css/uncode-icons234b.css]
[gbot.dev/wp-content/themes/uncode/library/css/styledcae.css]
[gbot.dev/wp-content/themes/uncode/library/css/uncode-iconsdcae.css]
[gbot.dev/wp-content/themes/uncode/library/css/style-customdcae.css]
[gbot.dev/wp-content/themes/uncode/library/js/initdcae.js]
[gbot.dev/index0db0.html]
[gbot.dev/wp-content/themes/uncode/library/js/appdcae.js]
[gbot.dev/wp-content/uploads/2020/01/flutterlogo-uai-258x258.png]
[gbot.dev/wp-content/uploads/2020/03/Illustrarion003-uai-258x258.png]
[gbot.dev/wp-content/uploads/2020/03/Illustrarion001-uai-258x258.png]
[gbot.dev/wp-content/themes/uncode/library/js/pluginsdcae.js]
[gbot.dev/wp-content/themes/uncode/library/css/style6d2f.css]
[gbot.dev/wp-content/themes/uncode/library/css/uncode-icons6d2f.css]
[gbot.dev/wp-content/themes/uncode/library/css/style-custom6d2f.css]
[gbot.dev/portfolio/centered-gallery-full-width/feed/index.html]
[gbot.dev/wp-content/themes/uncode/library/js/init6d2f.js]
[gbot.dev/wp-json/oembed/1.0/embed08f3.json]
[gbot.dev/wp-json/oembed/1.0/embed907b]
[gbot.dev/wp-content/uploads/2019/10/image-placeholder-4-min-uai-258x172.jpg]
[gbot.dev/wp-content/uploads/2019/10/image-placeholder-26-min.jpg]
[gbot.dev/wp-content/uploads/2019/10/image-placeholder-26-min-uai-258x172.jpg]
[gbot.dev/wp-content/uploads/2019/10/image-placeholder-20-min.jpg]
[gbot.dev/wp-content/uploads/2019/10/image-placeholder-20-min-uai-258x172.jpg]
[gbot.dev/wp-content/uploads/2019/10/image-placeholder-16-min.jpg]
[gbot.dev/wp-content/uploads/2019/10/image-placeholder-16-min-uai-258x172.jpg]
[gbot.dev/wp-content/uploads/2019/10/image-placeholder-29-min.jpg]
[gbot.dev/wp-content/uploads/2019/10/image-placeholder-29-min-uai-258x172.jpg]
[gbot.dev/wp-content/uploads/2019/10/image-placeholder-2-min.jpg]
[gbot.dev/wp-content/uploads/2019/10/image-placeholder-2-min-uai-258x172.jpg]
[gbot.dev/wp-content/uploads/2019/10/image-placeholder-23-min-uai-258x172.jpg]
[gbot.dev/wp-content/uploads/2019/10/image-placeholder-19-min-uai-258x172.jpg]
[gbot.dev/wp-content/uploads/2019/10/image-placeholder-18-min-uai-258x172.jpg]
[gbot.dev/wp-content/uploads/2019/10/image-placeholder-1-min-uai-258x172.jpg]
[gbot.dev/wp-content/uploads/2019/10/image-placeholder-11-min-uai-258x172.jpg]
[gbot.dev/portfolio/sidebar-custom-two/index.html]
[gbot.dev/portfolio/centered-gallery-full-width/index.html]
[gbot.dev/wp-content/themes/uncode/library/js/app6d2f.js]
[gbot.dev/wp-content/themes/uncode/library/js/plugins6d2f.js]
[gbot.dev/portfolio/centered-slides-full-width/index.html]
[gbot.dev/portfolio/custom-for-gbot/index.html]
[gbot.dev/wp-content/themes/uncode/library/css/stylec5f2.css]
[gbot.dev/wp-content/themes/uncode/library/css/uncode-iconsc5f2.css]
[gbot.dev/wp-content/themes/uncode/library/css/style-customc5f2.css]
[gbot.dev/wp-content/themes/uncode/library/js/initc5f2.js]
[gbot.dev/wp-json/oembed/1.0/embed43f8.json]
[gbot.dev/portfolio/sidebar-gallery/index.html]
[gbot.dev/wp-json/oembed/1.0/embedcc6a]
[gbot.dev/portfolio/centered-gallery/index.html]
[gbot.dev/wp-content/uploads/2019/10/image-placeholder-14-min-uai-258x172.jpg]
[gbot.dev/portfolio/centered-slides/index.html]
[gbot.dev/wp-content/uploads/2019/10/image-placeholder-5-min-uai-258x172.jpg]
[gbot.dev/portfolio/sidebar-gallery-full-width/index.html]
[gbot.dev/wp-content/uploads/2019/10/image-placeholder-21-min-uai-258x172.jpg]
[gbot.dev/wp-content/uploads/2019/10/image-placeholder-30-min-uai-258x172.jpg]
[gbot.dev/portfolio/sidebar-stack/index.html]
[gbot.dev/wp-content/themes/uncode/library/js/appc5f2.js]
[gbot.dev/wp-content/themes/uncode/library/js/pluginsc5f2.js]
[gbot.dev/portfolio/sidebar-stack/feed/index.html]
[gbot.dev/wp-content/themes/uncode/library/css/styleac25.css]
[gbot.dev/wp-content/themes/uncode/library/css/uncode-iconsac25.css]
[gbot.dev/wp-content/themes/uncode/library/css/style-customac25.css]
[gbot.dev/portfolio/sidebar-slides-full-width/feed/index.html]
[gbot.dev/wp-content/themes/uncode/library/js/initac25.js]
[gbot.dev/wp-json/oembed/1.0/embed78b0.json]
[gbot.dev/wp-json/oembed/1.0/embeda89d]
[gbot.dev/wp-content/uploads/2019/10/image-placeholder-4-min.jpg]
[gbot.dev/wp-content/uploads/2019/10/image-placeholder-5-min.jpg]
[gbot.dev/portfolio/sidebar-slides-full-width/index.html]
[gbot.dev/wp-content/themes/uncode/library/js/appac25.js]
[gbot.dev/wp-content/themes/uncode/library/js/pluginsac25.js]
[gbot.dev/wp-content/themes/uncode/library/css/stylecac4.css]
[gbot.dev/wp-content/themes/uncode/library/css/uncode-iconscac4.css]
[gbot.dev/2020/03/24/building-a-flutter-quiz-app-using-firebase-hasura-graphql-engine-part-1/feed/index.html]
[gbot.dev/wp-content/themes/uncode/library/css/style-customcac4.css]
[gbot.dev/wp-content/themes/uncode/library/js/initcac4.js]
[gbot.dev/wp-json/oembed/1.0/embed6c78.json]
[gbot.dev/wp-json/oembed/1.0/embedef80]
[gbot.dev/wp-content/uploads/2020/03/1.png]
[gbot.dev/wp-content/uploads/2020/03/2.png]
[gbot.dev/wp-content/uploads/2020/03/3.png]
[gbot.dev/wp-content/uploads/2020/03/4.png]
[gbot.dev/wp-content/uploads/2020/03/5.png]
[gbot.dev/wp-content/uploads/2020/03/6.png]
[gbot.dev/category/uncategorized/index.html]
[gbot.dev/wp-content/uploads/2020/03/7.png]
[gbot.dev/wp-content/uploads/2020/03/8.png]
[gbot.dev/wp-content/uploads/2020/03/9.png]
[gbot.dev/wp-content/uploads/2020/03/10.png]
[gbot.dev/author/cantaspinar/index.html]
[gbot.dev/wp-content/uploads/2020/03/11.png]
[gbot.dev/wp-content/uploads/2020/03/12.png]
[gbot.dev/wp-content/uploads/2020/03/13.png]
[gbot.dev/wp-content/uploads/2020/03/14.png]
[gbot.dev/wp-content/uploads/2020/03/15.png]
[gbot.dev/wp-content/uploads/2020/03/16.png]
[gbot.dev/wp-content/themes/uncode/library/js/pluginscac4.js]
[gbot.dev/2020/03/24/building-a-flutter-quiz-app-using-firebase-hasura-graphql-engine-part-1/index.html]
[gbot.dev/wp-content/themes/uncode/library/js/appcac4.js]
[gbot.dev/tag/holiday/index.html]
[gbot.dev/tag/life/index.html]
[gbot.dev/wp-content/themes/uncode/library/css/style5bbb.css]
[gbot.dev/tag/music/index.html]
[gbot.dev/wp-content/themes/uncode/library/css/uncode-icons5bbb.css]
[gbot.dev/tag/sport/index.html]
[gbot.dev/tag/simple/index.html]
[gbot.dev/wp-content/themes/uncode/library/css/style-custom5bbb.css]
[gbot.dev/wp-content/themes/uncode/library/js/init5bbb.js]
[gbot.dev/wp-json/oembed/1.0/embed73bf.json]
[gbot.dev/wp-json/oembed/1.0/embed93cf]
[gbot.dev/tag/style/index.html]
[gbot.dev/wp-content/uploads/2020/03/Default-Flare-1.png]
[gbot.dev/wp-content/uploads/2020/03/design.png]
[gbot.dev/tag/design/index.html]
[gbot.dev/tag/travel/index.html]
[gbot.dev/wp-content/uploads/2020/03/export-1.png]
[gbot.dev/tag/trip/index.html]
[gbot.dev/tag/enjoy/index.html]
[gbot.dev/2020/03/24/adding-splash-screen-animation-to-default-flutter-app/feed/index.html]
[gbot.dev/wp-content/uploads/2020/03/dependenies.png]
[gbot.dev/wp-content/uploads/2020/03/assets.png]
[gbot.dev/wp-content/uploads/2020/03/assets-dependencies.png]
[gbot.dev/tag/tech/index.html]
[gbot.dev/wp-content/uploads/2020/03/import.png]
[gbot.dev/wp-content/uploads/2020/03/main.png]
[gbot.dev/wp-content/themes/uncode/library/js/plugins5bbb.js]
[gbot.dev/2020/03/24/adding-splash-screen-animation-to-default-flutter-app/index.html]
[gbot.dev/wp-content/themes/uncode/library/js/app5bbb.js]
[gbot.dev/author/fercansen/index.html]
[gbot.dev/wp-content/themes/uncode/library/css/style7102.css]
[gbot.dev/wp-content/themes/uncode/library/css/uncode-icons7102.css]
[gbot.dev/wp-content/themes/uncode/library/css/style-custom7102.css]
[gbot.dev/2020/02/28/new-blogs-are-coming/feed/index.html]
[gbot.dev/wp-content/themes/uncode/library/js/init7102.js]
[gbot.dev/wp-json/oembed/1.0/embed2294.json]
[gbot.dev/wp-json/oembed/1.0/embed2366]
[gbot.dev/2020/02/28/new-blogs-are-coming/index.html]
[gbot.dev/wp-content/themes/uncode/library/js/app7102.js]
[gbot.dev/2017/03/25/calm-over-the-horizon/index.html]
[gbot.dev/wp-content/themes/uncode/library/js/plugins7102.js]
[gbot.dev/author/gbotweb/index.html]
[gbot.dev/wp-content/themes/uncode/library/img/preloader.svg]
[gbot.dev/wp-content/themes/uncode/library/img/oval-anim-light.svg]
[gbot.dev/wp-content/themes/uncode/library/img/oval-anim-dark.svg]
[gbot.dev/wp-content/themes/uncode/library/img/ilightbox/css/closedhand.html]
[gbot.dev/wp-content/themes/uncode/library/css/owl.video.play.html]
[gbot.dev/wp-content/themes/uncode/library/css/background.html]
[gbot.dev/wp-content/themes/uncode/library/fonts/uncode-icons.eot]
[gbot.dev/wp-content/themes/uncode/library/fonts/uncode-iconsd41d.eot]
[gbot.dev/wp-content/themes/uncode/library/fonts/uncode-icons.woff]
[gbot.dev/wp-content/themes/uncode/library/fonts/uncode-icons.ttf]
[gbot.dev/wp-content/themes/uncode/library/css/uncode-icons234b.css]
[gbot.dev/wp-content/themes/uncode/library/css/styledcae.css]
[gbot.dev/wp-content/themes/uncode/library/css/uncode-iconsdcae.css]
[gbot.dev/wp-content/themes/uncode/library/css/style-customdcae.css]
[gbot.dev/wp-content/themes/uncode/library/css/style6d2f.css]
[gbot.dev/wp-content/themes/uncode/library/css/uncode-icons6d2f.css]
[gbot.dev/wp-content/themes/uncode/library/css/style-custom6d2f.css]
[gbot.dev/index3b87.html]
[gbot.dev/wp-content/themes/uncode/library/css/style6322.css]
[gbot.dev/wp-content/themes/uncode/library/css/uncode-icons6322.css]
[gbot.dev/portfolio/sidebar-custom-two/feed/index.html]
[gbot.dev/wp-content/themes/uncode/library/css/style-custom6322.css]
[gbot.dev/wp-content/themes/uncode/library/js/init6322.js]
[gbot.dev/wp-json/oembed/1.0/embedd099.json]
[gbot.dev/wp-json/oembed/1.0/embede98d]
[gbot.dev/portfolio/centered-stack/index.html]
[gbot.dev/wp-content/uploads/2019/10/image-placeholder-3-min-uai-258x172.jpg]
[gbot.dev/wp-content/uploads/2019/10/image-placeholder-3-min-uai-258x193.jpg]
[gbot.dev/wp-content/uploads/2019/10/image-placeholder-15-min.jpg]
[gbot.dev/wp-content/uploads/2019/10/image-placeholder-15-min-uai-258x193.jpg]
[gbot.dev/wp-content/uploads/2019/10/image-placeholder-16-min-uai-258x193.jpg]
[gbot.dev/wp-content/uploads/2019/10/image-placeholder-2-min-uai-258x193.jpg]
[gbot.dev/wp-content/uploads/2019/10/image-placeholder-28-min.jpg]
[gbot.dev/wp-content/uploads/2019/10/image-placeholder-28-min-uai-258x193.jpg]
[gbot.dev/wp-content/themes/uncode/library/js/plugins6322.js]
[gbot.dev/portfolio/sidebar-custom-two/index.html]
[gbot.dev/wp-content/themes/uncode/library/js/app6322.js]
[gbot.dev/wp-content/themes/uncode/library/css/style4be2.css]
[gbot.dev/wp-content/themes/uncode/library/css/uncode-icons4be2.css]
[gbot.dev/portfolio/centered-slides-full-width/feed/index.html]
[gbot.dev/wp-content/themes/uncode/library/css/style-custom4be2.css]
[gbot.dev/wp-content/themes/uncode/library/js/init4be2.js]
[gbot.dev/wp-json/oembed/1.0/embed52de.json]
[gbot.dev/wp-json/oembed/1.0/embed26ef]
[gbot.dev/wp-content/uploads/2019/10/image-placeholder-13-min.jpg]
[gbot.dev/portfolio/sidebar-custom-one/index.html]
[gbot.dev/wp-content/uploads/2019/10/image-placeholder-13-min-uai-258x172.jpg]
[gbot.dev/wp-content/uploads/2019/10/image-placeholder-19-min.jpg]
[gbot.dev/wp-content/themes/uncode/library/js/plugins4be2.js]
[gbot.dev/portfolio/centered-slides-full-width/index.html]
[gbot.dev/wp-content/themes/uncode/library/js/app4be2.js]
[gbot.dev/wp-content/themes/uncode/library/css/style2fe1.css]
[gbot.dev/wp-content/themes/uncode/library/css/uncode-icons2fe1.css]
[gbot.dev/wp-content/themes/uncode/library/css/style-custom2fe1.css]
[gbot.dev/wp-content/themes/uncode/library/js/init2fe1.js]
[gbot.dev/wp-json/oembed/1.0/embedaae4.json]
[gbot.dev/wp-json/oembed/1.0/embed6dc4]
[gbot.dev/portfolio/sidebar-stack-full-width/index.html]
[via.placeholder.com/500x500e25d.png]
[gbot.dev/wp-content/uploads/2020/01/hero-e1580195554590-uai-258x145.jpg]
[gbot.dev/wp-content/uploads/2020/01/flutter-app-development-uai-258x161.jpg]
[gbot.dev/portfolio/custom-for-gbot/index.html]
[gbot.dev/wp-content/themes/uncode/library/js/app2fe1.js]
[gbot.dev/wp-content/themes/uncode/library/js/plugins2fe1.js]
[gbot.dev/portfolio/sidebar-gallery/feed/index.html]
[gbot.dev/wp-content/themes/uncode/library/css/styled969.css]
[gbot.dev/wp-content/themes/uncode/library/css/uncode-iconsd969.css]
[gbot.dev/wp-content/themes/uncode/library/css/style-customd969.css]
[gbot.dev/wp-content/themes/uncode/library/js/initd969.js]
[gbot.dev/wp-json/oembed/1.0/embed028e.json]
[gbot.dev/wp-json/oembed/1.0/embedaea7]
[gbot.dev/portfolio/centered-stack-full-width/index.html]
[gbot.dev/wp-content/uploads/2019/10/image-placeholder-27-min.jpg]
[gbot.dev/wp-content/uploads/2019/10/image-placeholder-27-min-uai-258x172.jpg]
[gbot.dev/wp-content/uploads/2019/10/image-placeholder-12-min.jpg]
[gbot.dev/wp-content/uploads/2019/10/image-placeholder-12-min-uai-258x172.jpg]
[gbot.dev/wp-content/uploads/2019/10/image-placeholder-24-min.jpg]
[gbot.dev/wp-content/uploads/2019/10/image-placeholder-24-min-uai-258x172.jpg]
[gbot.dev/wp-content/themes/uncode/library/js/pluginsd969.js]
[gbot.dev/portfolio/sidebar-gallery/index.html]
[gbot.dev/wp-content/themes/uncode/library/js/appd969.js]
[gbot.dev/wp-content/themes/uncode/library/css/style32f9.css]
[gbot.dev/wp-content/themes/uncode/library/css/uncode-icons32f9.css]
[gbot.dev/wp-content/themes/uncode/library/css/style-custom32f9.css]
[gbot.dev/wp-content/themes/uncode/library/js/init32f9.js]
[gbot.dev/wp-json/oembed/1.0/embedeac6.json]
[gbot.dev/wp-json/oembed/1.0/embedb976]
[gbot.dev/portfolio/centered-gallery/feed/index.html]
[gbot.dev/portfolio/sidebar-slides/index.html]
[gbot.dev/wp-content/uploads/2019/10/image-placeholder-30-min.jpg]
[gbot.dev/wp-content/uploads/2019/10/image-placeholder-21-min.jpg]
[gbot.dev/wp-content/uploads/2019/10/image-placeholder-14-min.jpg]
[gbot.dev/wp-content/themes/uncode/library/js/plugins32f9.js]
[gbot.dev/portfolio/centered-gallery/index.html]
[gbot.dev/wp-content/themes/uncode/library/js/app32f9.js]
[gbot.dev/wp-content/themes/uncode/library/css/style6de4.css]
[gbot.dev/wp-content/themes/uncode/library/css/uncode-icons6de4.css]
[gbot.dev/wp-content/themes/uncode/library/css/style-custom6de4.css]
[gbot.dev/wp-content/themes/uncode/library/js/init6de4.js]
[gbot.dev/wp-json/oembed/1.0/embed9be4.json]
[gbot.dev/portfolio/centered-slides/feed/index.html]
[gbot.dev/wp-json/oembed/1.0/embed0ca7]
[gbot.dev/wp-content/uploads/2019/10/image-placeholder-7-min-uai-258x172.jpg]
[gbot.dev/portfolio/centered-slides/index.html]
[gbot.dev/wp-content/themes/uncode/library/js/app6de4.js]
[gbot.dev/wp-content/themes/uncode/library/js/plugins6de4.js]
[gbot.dev/wp-content/themes/uncode/library/css/style9982.css]
[gbot.dev/wp-content/themes/uncode/library/css/uncode-icons9982.css]
[gbot.dev/wp-content/themes/uncode/library/css/style-custom9982.css]
[gbot.dev/wp-content/themes/uncode/library/js/init9982.js]
[gbot.dev/wp-json/oembed/1.0/embedd1c1.json]
[gbot.dev/portfolio/sidebar-gallery-full-width/feed/index.html]
[gbot.dev/wp-json/oembed/1.0/embedfb1a]
[gbot.dev/wp-content/uploads/2019/10/image-placeholder-3-min.jpg]
[gbot.dev/wp-content/uploads/2019/10/image-placeholder-7-min.jpg]
[gbot.dev/wp-content/uploads/2019/10/image-placeholder-15-min-uai-258x172.jpg]
[gbot.dev/wp-content/uploads/2019/10/image-placeholder-18-min.jpg]
[gbot.dev/wp-content/themes/uncode/library/js/plugins9982.js]
[gbot.dev/portfolio/sidebar-gallery-full-width/index.html]
[gbot.dev/wp-content/themes/uncode/library/css/stylec5f2.css]
[gbot.dev/wp-content/themes/uncode/library/css/uncode-iconsc5f2.css]
[gbot.dev/wp-content/themes/uncode/library/css/style-customc5f2.css]
[gbot.dev/index2ebf.html]
[gbot.dev/wp-content/themes/uncode/library/css/styleac25.css]
[gbot.dev/wp-content/themes/uncode/library/css/uncode-iconsac25.css]
[gbot.dev/wp-content/themes/uncode/library/css/style-customac25.css]
[gbot.dev/indexd5b5.html]
[gbot.dev/wp-content/themes/uncode/library/css/stylecac4.css]
[gbot.dev/wp-content/themes/uncode/library/css/uncode-iconscac4.css]
[gbot.dev/wp-content/themes/uncode/library/css/style-customcac4.css]
[gbot.dev/indexa7c3.html]
[gbot.dev/wp-content/themes/uncode/library/js/app9982.js]
[gbot.dev/wp-content/themes/uncode/library/css/style6d3c.css]
[gbot.dev/wp-content/themes/uncode/library/css/uncode-icons6d3c.css]
[gbot.dev/wp-content/themes/uncode/library/css/style-custom6d3c.css]
[gbot.dev/wp-content/themes/uncode/library/js/init6d3c.js]
[gbot.dev/category/uncategorized/feed/index.html]
[gbot.dev/category/uncategorized/index.html]
[gbot.dev/wp-content/themes/uncode/library/js/app6d3c.js]
[gbot.dev/wp-content/themes/uncode/library/js/plugins6d3c.js]
[gbot.dev/wp-content/themes/uncode/library/css/stylebd27.css]
[gbot.dev/wp-content/themes/uncode/library/css/uncode-iconsbd27.css]
[gbot.dev/wp-content/themes/uncode/library/css/style-custombd27.css]
[gbot.dev/author/cantaspinar/feed/index.html]
[gbot.dev/wp-content/themes/uncode/library/js/initbd27.js]
[gbot.dev/author/cantaspinar/index.html]
[gbot.dev/wp-content/themes/uncode/library/js/appbd27.js]
[gbot.dev/wp-content/themes/uncode/library/js/pluginsbd27.js]
[gbot.dev/wp-content/themes/uncode/library/css/style9777.css]
[gbot.dev/wp-content/themes/uncode/library/css/uncode-icons9777.css]
[gbot.dev/wp-content/themes/uncode/library/css/style-custom9777.css]
[gbot.dev/wp-content/themes/uncode/library/js/init9777.js]
[gbot.dev/wp-content/uploads/2019/10/image-placeholder-22-min-uai-258x172.jpg]
[gbot.dev/wp-content/themes/uncode/library/js/plugins9777.js]
[gbot.dev/tag/design/index.html]
[gbot.dev/tag/design/feed/index.html]
[gbot.dev/wp-content/themes/uncode/library/js/app9777.js]
[gbot.dev/2017/01/18/some-amazing-buildings/index.html]
[gbot.dev/wp-content/themes/uncode/library/css/styled3f3.css]
[gbot.dev/wp-content/themes/uncode/library/css/uncode-iconsd3f3.css]
[gbot.dev/2017/01/08/awwwards-best-websites/index.html]
[gbot.dev/tag/enjoy/feed/index.html]
[gbot.dev/wp-content/themes/uncode/library/css/style-customd3f3.css]
[gbot.dev/2017/03/18/when-you-are-alone/index.html]
[gbot.dev/wp-content/themes/uncode/library/js/initd3f3.js]
[gbot.dev/2017/02/18/hey-dj-play-that-song/index.html]
[gbot.dev/2017/02/02/learn-the-rules-first/index.html]
[gbot.dev/2017/01/25/a-day-alone-at-the-sea/index.html]
[gbot.dev/2017/01/30/the-new-brand-identity/index.html]
[gbot.dev/wp-content/themes/uncode/library/js/pluginsd3f3.js]
[gbot.dev/tag/enjoy/index.html]
[gbot.dev/wp-content/themes/uncode/library/js/appd3f3.js]
[gbot.dev/wp-content/themes/uncode/library/css/style3c5c.css]
[gbot.dev/wp-content/themes/uncode/library/css/uncode-icons3c5c.css]
[gbot.dev/tag/holiday/feed/index.html]
[gbot.dev/wp-content/themes/uncode/library/css/style-custom3c5c.css]
[gbot.dev/wp-content/themes/uncode/library/js/init3c5c.js]
[gbot.dev/tag/holiday/index.html]
[gbot.dev/wp-content/themes/uncode/library/js/app3c5c.js]
[gbot.dev/2017/02/08/me-myself-and-i/index.html]
[gbot.dev/2017/01/14/working-from-your-home/index.html]
[gbot.dev/2017/01/04/top-deejay-headphones/index.html]
[gbot.dev/tag/life/feed/index.html]
[gbot.dev/wp-content/themes/uncode/library/js/plugins3c5c.js]
[gbot.dev/wp-content/themes/uncode/library/css/style71ef.css]
[gbot.dev/wp-content/themes/uncode/library/css/uncode-icons71ef.css]
[gbot.dev/2017/03/03/stumbled-the-concept/index.html]
[gbot.dev/2017/03/02/time-is-passing-by/index.html]
[gbot.dev/tag/life/index.html]
[gbot.dev/wp-content/themes/uncode/library/js/app71ef.js]
[gbot.dev/wp-content/themes/uncode/library/css/style86bf.css]
[gbot.dev/tag/music/feed/index.html]
[gbot.dev/wp-content/themes/uncode/library/css/uncode-icons86bf.css]
[gbot.dev/wp-content/themes/uncode/library/css/style-custom86bf.css]
[gbot.dev/wp-content/themes/uncode/library/js/init86bf.js]
[gbot.dev/tag/music/index.html]
[gbot.dev/wp-content/themes/uncode/library/js/app86bf.js]
[gbot.dev/wp-content/themes/uncode/library/js/plugins86bf.js]
[gbot.dev/2017/03/22/inspired-by-clouds/index.html]
[gbot.dev/2017/03/20/make-it-clean-and-simple/index.html]
[gbot.dev/wp-content/themes/uncode/library/css/style9745.css]
[gbot.dev/wp-content/themes/uncode/library/css/uncode-icons9745.css]
[gbot.dev/tag/simple/feed/index.html]
[gbot.dev/wp-content/themes/uncode/library/css/style-custom9745.css]
[gbot.dev/wp-content/themes/uncode/library/js/init9745.js]
[gbot.dev/wp-content/themes/uncode/library/js/plugins9745.js]
[gbot.dev/tag/simple/index.html]
[gbot.dev/wp-content/themes/uncode/library/js/app9745.js]
[gbot.dev/wp-content/themes/uncode/library/css/style1220.css]
[gbot.dev/wp-content/themes/uncode/library/css/uncode-icons1220.css]
[gbot.dev/wp-content/themes/uncode/library/css/style-custom1220.css]
[gbot.dev/wp-content/themes/uncode/library/js/init1220.js]
[gbot.dev/tag/sport/feed/index.html]
[gbot.dev/tag/sport/index.html]
[gbot.dev/wp-content/themes/uncode/library/js/app1220.js]
[gbot.dev/wp-content/themes/uncode/library/js/plugins1220.js]
[gbot.dev/wp-content/themes/uncode/library/css/style14df.css]
[gbot.dev/wp-content/themes/uncode/library/css/uncode-icons14df.css]
[gbot.dev/wp-content/themes/uncode/library/css/style-custom14df.css]
[gbot.dev/wp-content/themes/uncode/library/js/init14df.js]
[gbot.dev/wp-content/themes/uncode/library/js/plugins14df.js]
[gbot.dev/tag/style/index.html]
[gbot.dev/tag/style/feed/index.html]
[gbot.dev/wp-content/themes/uncode/library/js/app14df.js]
[gbot.dev/2017/03/07/real-time-design-tools/index.html]
[gbot.dev/wp-content/themes/uncode/library/css/style73ce.css]
[gbot.dev/wp-content/themes/uncode/library/css/uncode-icons73ce.css]
[gbot.dev/wp-content/themes/uncode/library/css/style-custom73ce.css]
[gbot.dev/wp-content/themes/uncode/library/js/init73ce.js]
[gbot.dev/tag/tech/feed/index.html]
[live.staticflickr.com/2794/4492898698_6e95e33bb8_c.jpg]
[gbot.dev/2017/02/06/my-tech-travel-setup/index.html]
[gbot.dev/tag/tech/index.html]
[gbot.dev/wp-content/themes/uncode/library/js/app73ce.js]
[gbot.dev/wp-content/themes/uncode/library/css/stylec30a.css]
[gbot.dev/wp-content/themes/uncode/library/js/plugins73ce.js]
[gbot.dev/wp-content/themes/uncode/library/css/uncode-iconsc30a.css]
[gbot.dev/wp-content/themes/uncode/library/css/style-customc30a.css]
[gbot.dev/wp-content/themes/uncode/library/js/initc30a.js]
[gbot.dev/wp-content/themes/uncode/library/js/appc30a.js]
[gbot.dev/tag/travel/index.html]
[gbot.dev/wp-content/themes/uncode/library/css/stylea03f.css]
[gbot.dev/tag/trip/feed/index.html]
[gbot.dev/wp-content/themes/uncode/library/css/uncode-iconsa03f.css]
[gbot.dev/wp-content/themes/uncode/library/css/style-customa03f.css]
[gbot.dev/wp-content/themes/uncode/library/js/pluginsc30a.js]
[gbot.dev/wp-content/themes/uncode/library/js/inita03f.js]
[gbot.dev/wp-content/themes/uncode/library/js/pluginsa03f.js]
[gbot.dev/tag/trip/index.html]
[gbot.dev/wp-content/themes/uncode/library/css/style5bbb.css]
[gbot.dev/wp-content/themes/uncode/library/css/uncode-icons5bbb.css]
[gbot.dev/wp-content/themes/uncode/library/css/style-custom5bbb.css]
[gbot.dev/index7c30.html]
[gbot.dev/wp-content/themes/uncode/library/js/appa03f.js]
[gbot.dev/wp-content/themes/uncode/library/css/style74ef.css]
[gbot.dev/wp-content/themes/uncode/library/css/uncode-icons74ef.css]
[gbot.dev/wp-content/themes/uncode/library/css/style-custom74ef.css]
[gbot.dev/wp-content/themes/uncode/library/js/init74ef.js]
[gbot.dev/author/fercansen/index.html]
[gbot.dev/wp-content/themes/uncode/library/js/plugins74ef.js]
[gbot.dev/wp-content/themes/uncode/library/js/app74ef.js]
[gbot.dev/wp-content/themes/uncode/library/css/style7102.css]
[gbot.dev/wp-content/themes/uncode/library/css/uncode-icons7102.css]
[gbot.dev/wp-content/themes/uncode/library/css/style-custom7102.css]
[gbot.dev/2017/03/25/calm-over-the-horizon/feed/index.html]
[gbot.dev/wp-content/themes/uncode/library/css/uncode-iconsa234.css]
[gbot.dev/wp-content/themes/uncode/library/css/style-customa234.css]
[gbot.dev/wp-content/themes/uncode/library/js/inita234.js]
[gbot.dev/wp-json/oembed/1.0/embed6fa8.json]
[gbot.dev/wp-json/oembed/1.0/embed2895]
[gbot.dev/wp-content/uploads/2019/10/image-placeholder-4-min-uai-258x129.jpg]
[gbot.dev/wp-content/uploads/2019/10/image-placeholder-18-min-uai-258x129.jpg]
[gbot.dev/wp-content/uploads/2019/10/image-placeholder-27-min-uai-258x129.jpg]
[gbot.dev/wp-content/themes/uncode/library/js/pluginsa234.js]
[gbot.dev/category/travel/index.html]
[gbot.dev/2017/03/25/calm-over-the-horizon/index.html]
[gbot.dev/wp-content/themes/uncode/library/js/appa234.js]
[gbot.dev/wp-content/themes/uncode/library/css/styledbcd.css]
[gbot.dev/wp-content/themes/uncode/library/css/uncode-iconsdbcd.css]
[gbot.dev/wp-content/themes/uncode/library/css/style-customdbcd.css]
[gbot.dev/wp-content/themes/uncode/library/js/initdbcd.js]
[gbot.dev/wp-content/themes/uncode/library/js/pluginsdbcd.js]
[gbot.dev/author/gbotweb/index.html]
[gbot.dev/wp-content/themes/uncode/library/fonts/uncode-icons.html]
[gbot.dev/wp-content/themes/uncode/library/js/appdbcd.js]
[gbot.dev/author/gbotweb/feed/index.html]
[gbot.dev/wp-content/themes/uncode/library/fonts/uncode-icons.svg]
[gbot.dev/wp-content/themes/uncode/library/css/style6322.css]
[gbot.dev/wp-content/themes/uncode/library/css/uncode-icons6322.css]
[gbot.dev/wp-content/themes/uncode/library/css/style-custom6322.css]
[gbot.dev/author/gbotweb/page/2/index.html]
[gbot.dev/wp-content/themes/uncode/library/css/style9ddb.css]
[gbot.dev/wp-content/themes/uncode/library/css/uncode-icons9ddb.css]
[gbot.dev/wp-content/themes/uncode/library/css/style-custom9ddb.css]
[gbot.dev/wp-content/themes/uncode/library/js/init9ddb.js]
[gbot.dev/wp-json/oembed/1.0/embed4e89.json]
[gbot.dev/portfolio/centered-stack/feed/index.html]
[gbot.dev/wp-json/oembed/1.0/embedcc48]
[gbot.dev/wp-content/uploads/2019/10/image-placeholder-23-min-uai-258x258.jpg]
[gbot.dev/wp-content/uploads/2019/10/image-placeholder-30-min-uai-258x258.jpg]
[gbot.dev/wp-content/uploads/2019/10/image-placeholder-22-min.jpg]
[gbot.dev/wp-content/uploads/2019/10/image-placeholder-22-min-uai-258x258.jpg]
[gbot.dev/wp-content/themes/uncode/library/js/plugins9ddb.js]
[gbot.dev/portfolio/centered-stack/index.html]
[gbot.dev/index206c.html]
[gbot.dev/wp-content/themes/uncode/library/js/app9ddb.js]
[gbot.dev/wp-content/themes/uncode/library/css/style4be2.css]
[gbot.dev/wp-content/themes/uncode/library/css/uncode-icons4be2.css]
[gbot.dev/wp-content/themes/uncode/library/css/style-custom4be2.css]
[gbot.dev/portfolio/centered-custom-two/index.html]
[gbot.dev/wp-content/themes/uncode/library/css/stylea0fa.css]
[gbot.dev/wp-content/themes/uncode/library/css/uncode-iconsa0fa.css]
[gbot.dev/wp-content/themes/uncode/library/css/style-customa0fa.css]
[gbot.dev/wp-content/themes/uncode/library/js/inita0fa.js]
[gbot.dev/wp-json/oembed/1.0/embedb6b3.json]
[gbot.dev/portfolio/sidebar-custom-one/feed/index.html]
[gbot.dev/wp-json/oembed/1.0/embed2c78]
[gbot.dev/wp-content/uploads/2019/10/image-placeholder-8-min-uai-258x172.jpg]
[gbot.dev/wp-content/themes/uncode/library/js/pluginsa0fa.js]
[gbot.dev/portfolio/sidebar-custom-one/index.html]
[gbot.dev/index152f.html]
[gbot.dev/wp-content/themes/uncode/library/css/style2fe1.css]
[gbot.dev/wp-content/themes/uncode/library/css/uncode-icons2fe1.css]
[gbot.dev/wp-content/themes/uncode/library/css/style-custom2fe1.css]
[gbot.dev/wp-content/themes/uncode/library/js/appa0fa.js]
[gbot.dev/wp-content/themes/uncode/library/css/style4f9b.css]
[gbot.dev/wp-content/themes/uncode/library/css/uncode-icons4f9b.css]
[gbot.dev/wp-content/themes/uncode/library/css/style-custom4f9b.css]
[gbot.dev/portfolio/sidebar-stack-full-width/feed/index.html]
[gbot.dev/wp-content/themes/uncode/library/js/init4f9b.js]
[gbot.dev/wp-json/oembed/1.0/embed071b.json]
[gbot.dev/wp-json/oembed/1.0/embed1b1c]
[gbot.dev/portfolio/sidebar-stack-full-width/index.html]
[gbot.dev/indexfc99.html]
[gbot.dev/wp-content/themes/uncode/library/css/styled969.css]
[gbot.dev/wp-content/themes/uncode/library/css/uncode-iconsd969.css]
[gbot.dev/wp-content/themes/uncode/library/css/style-customd969.css]
[gbot.dev/wp-content/themes/uncode/library/js/app4f9b.js]
[gbot.dev/wp-content/themes/uncode/library/js/plugins4f9b.js]
[gbot.dev/portfolio/centered-stack-full-width/feed/index.html]
[gbot.dev/wp-content/themes/uncode/library/css/stylea4e7.css]
[gbot.dev/wp-content/themes/uncode/library/css/uncode-iconsa4e7.css]
[gbot.dev/wp-content/themes/uncode/library/css/style-customa4e7.css]
[gbot.dev/wp-content/themes/uncode/library/js/inita4e7.js]
[gbot.dev/wp-json/oembed/1.0/embed12be.json]
[gbot.dev/wp-json/oembed/1.0/embed5cbc]
[gbot.dev/wp-content/uploads/2019/10/image-placeholder-6-min-uai-258x172.jpg]
[gbot.dev/portfolio/centered-stack-full-width/index.html]
[gbot.dev/indexa279.html]
[gbot.dev/wp-content/themes/uncode/library/css/style32f9.css]
[gbot.dev/wp-content/themes/uncode/library/css/uncode-icons32f9.css]
[gbot.dev/wp-content/themes/uncode/library/css/style-custom32f9.css]
[gbot.dev/wp-content/themes/uncode/library/js/appa4e7.js]
[gbot.dev/wp-content/themes/uncode/library/js/pluginsa4e7.js]
[gbot.dev/wp-content/themes/uncode/library/css/style2c25.css]
[gbot.dev/wp-content/themes/uncode/library/css/uncode-icons2c25.css]
[gbot.dev/wp-content/themes/uncode/library/css/style-custom2c25.css]
[gbot.dev/wp-content/themes/uncode/library/js/init2c25.js]
[gbot.dev/wp-json/oembed/1.0/embed59c1.json]
[gbot.dev/wp-json/oembed/1.0/embed2a9a]
[gbot.dev/wp-content/uploads/2019/10/image-placeholder-23-min.jpg]
[gbot.dev/portfolio/sidebar-slides/feed/index.html]
[gbot.dev/wp-content/themes/uncode/library/js/plugins2c25.js]
[gbot.dev/portfolio/sidebar-slides/index.html]
[gbot.dev/indexb558.html]
[gbot.dev/wp-content/themes/uncode/library/js/app2c25.js]
[gbot.dev/wp-content/themes/uncode/library/css/style6de4.css]
[gbot.dev/wp-content/themes/uncode/library/css/uncode-icons6de4.css]
[gbot.dev/wp-content/themes/uncode/library/css/style-custom6de4.css]
[gbot.dev/indexb765.html]
[gbot.dev/wp-content/themes/uncode/library/css/style9982.css]
[gbot.dev/wp-content/themes/uncode/library/css/uncode-icons9982.css]
[gbot.dev/wp-content/themes/uncode/library/css/style-custom9982.css]
[gbot.dev/indexf3d6.html]
[gbot.dev/wp-content/themes/uncode/library/css/style6d3c.css]
[gbot.dev/wp-content/themes/uncode/library/css/uncode-icons6d3c.css]
[gbot.dev/wp-content/themes/uncode/library/css/style-custom6d3c.css]
[gbot.dev/wp-content/themes/uncode/library/css/stylebd27.css]
[gbot.dev/wp-content/themes/uncode/library/css/uncode-iconsbd27.css]
[gbot.dev/wp-content/themes/uncode/library/css/style-custombd27.css]
[gbot.dev/wp-content/themes/uncode/library/css/style9777.css]
[gbot.dev/wp-content/themes/uncode/library/css/uncode-icons9777.css]
[gbot.dev/wp-content/themes/uncode/library/css/style-custom9777.css]
[gbot.dev/wp-content/themes/uncode/library/css/style514c.css]
[gbot.dev/wp-content/themes/uncode/library/css/uncode-icons514c.css]
[gbot.dev/2017/03/18/when-you-are-alone/feed/index.html]
[gbot.dev/wp-content/themes/uncode/library/css/style-custom514c.css]
[gbot.dev/wp-content/themes/uncode/library/js/init514c.js]
[gbot.dev/wp-json/oembed/1.0/embed04d7.json]
[gbot.dev/wp-json/oembed/1.0/embed22b4]
[gbot.dev/wp-content/uploads/2019/10/image-placeholder-20-min-uai-258x129.jpg]
[gbot.dev/2017/03/18/when-you-are-alone/index.html]
[gbot.dev/wp-content/themes/uncode/library/js/app514c.js]
[gbot.dev/wp-content/themes/uncode/library/js/plugins514c.js]
[gbot.dev/wp-content/themes/uncode/library/css/style5773.css]
[gbot.dev/2017/01/30/the-new-brand-identity/feed/index.html]
[gbot.dev/wp-content/themes/uncode/library/css/style-custom5773.css]
[gbot.dev/wp-content/themes/uncode/library/js/init5773.js]
[gbot.dev/wp-json/oembed/1.0/embedfe4b.json]
[gbot.dev/wp-json/oembed/1.0/embed9b0b]
[gbot.dev/2017/01/30/the-new-brand-identity/index.html]
[gbot.dev/wp-content/themes/uncode/library/js/app5773.js]
[gbot.dev/wp-content/themes/uncode/library/css/styled0d2.css]
[gbot.dev/wp-content/themes/uncode/library/js/plugins5773.js]
[gbot.dev/wp-content/themes/uncode/library/css/uncode-iconsd0d2.css]
[gbot.dev/wp-content/themes/uncode/library/css/style-customd0d2.css]
[gbot.dev/2017/01/18/some-amazing-buildings/feed/index.html]
[gbot.dev/wp-content/themes/uncode/library/js/initd0d2.js]
[gbot.dev/wp-content/themes/uncode/library/js/pluginsd0d2.js]
[gbot.dev/2017/01/18/some-amazing-buildings/index.html]
[gbot.dev/wp-content/themes/uncode/library/js/appd0d2.js]
[gbot.dev/wp-content/themes/uncode/library/css/style3439.css]
[gbot.dev/wp-content/themes/uncode/library/css/uncode-icons3439.css]
[gbot.dev/wp-content/themes/uncode/library/css/style-custom3439.css]
[gbot.dev/2017/01/08/awwwards-best-websites/feed/index.html]
[gbot.dev/wp-json/oembed/1.0/embed2579.json]
[gbot.dev/wp-json/oembed/1.0/embed5598]
[gbot.dev/2017/01/08/awwwards-best-websites/index.html]
[gbot.dev/wp-content/themes/uncode/library/js/app3439.js]
[gbot.dev/wp-content/themes/uncode/library/css/styled3f3.css]
[gbot.dev/wp-content/themes/uncode/library/css/uncode-iconsd3f3.css]
[gbot.dev/wp-content/themes/uncode/library/css/style-customd3f3.css]
[gbot.dev/wp-content/themes/uncode/library/css/style3b3c.css]
[gbot.dev/wp-content/themes/uncode/library/css/uncode-icons3b3c.css]
[gbot.dev/wp-content/themes/uncode/library/js/plugins3439.js]
[gbot.dev/wp-content/themes/uncode/library/css/style-custom3b3c.css]
[gbot.dev/wp-content/themes/uncode/library/js/init3b3c.js]
[gbot.dev/wp-json/oembed/1.0/embedbf24.json]
[gbot.dev/wp-json/oembed/1.0/embedd015]
[gbot.dev/2017/02/18/hey-dj-play-that-song/index.html]
[gbot.dev/wp-content/themes/uncode/library/js/app3b3c.js]
[gbot.dev/wp-content/themes/uncode/library/js/plugins3b3c.js]
[gbot.dev/wp-content/themes/uncode/library/css/stylefaea.css]
[gbot.dev/wp-content/themes/uncode/library/css/uncode-iconsfaea.css]
[gbot.dev/wp-content/themes/uncode/library/css/style-customfaea.css]
[gbot.dev/wp-content/themes/uncode/library/js/initfaea.js]
[gbot.dev/wp-json/oembed/1.0/embed5299.json]
[gbot.dev/wp-json/oembed/1.0/embed42f8]
[gbot.dev/2017/02/02/learn-the-rules-first/feed/index.html]
[gbot.dev/2017/02/02/learn-the-rules-first/index.html]
[gbot.dev/wp-content/themes/uncode/library/js/appfaea.js]
[gbot.dev/wp-content/themes/uncode/library/js/pluginsfaea.js]
[gbot.dev/wp-content/themes/uncode/library/css/style66b3.css]
[gbot.dev/wp-content/themes/uncode/library/css/uncode-icons66b3.css]
[gbot.dev/2017/01/25/a-day-alone-at-the-sea/feed/index.html]
[gbot.dev/wp-content/themes/uncode/library/css/style-custom66b3.css]
[gbot.dev/wp-content/themes/uncode/library/js/init66b3.js]
[gbot.dev/wp-json/oembed/1.0/embedbbc3.json]
[gbot.dev/wp-json/oembed/1.0/embed6e08]
[gbot.dev/2017/01/25/a-day-alone-at-the-sea/index.html]
[gbot.dev/wp-content/themes/uncode/library/css/style3c5c.css]
[gbot.dev/wp-content/themes/uncode/library/css/uncode-icons3c5c.css]
[gbot.dev/wp-content/themes/uncode/library/css/style-custom3c5c.css]
[gbot.dev/wp-content/themes/uncode/library/js/app66b3.js]
[gbot.dev/wp-content/themes/uncode/library/js/plugins66b3.js]
[gbot.dev/wp-content/themes/uncode/library/css/style305f.css]
[scontent.cdninstagram.com/v/t51.2885-15/e15/38080979_1402355146564322_7415920086390669312_n7424.jpg]
[gbot.dev/wp-content/themes/uncode/library/css/uncode-icons305f.css]
[gbot.dev/2017/02/08/me-myself-and-i/feed/index.html]
[gbot.dev/wp-content/themes/uncode/library/css/style-custom305f.css]
[gbot.dev/wp-content/themes/uncode/library/js/init305f.js]
[gbot.dev/wp-json/oembed/1.0/embed6896.json]
[gbot.dev/wp-json/oembed/1.0/embedba7e]
[gbot.dev/wp-content/themes/uncode/library/js/plugins305f.js]
[gbot.dev/2017/02/08/me-myself-and-i/index.html]
[gbot.dev/wp-content/themes/uncode/library/js/app305f.js]
[gbot.dev/2017/01/28/sounds-from-the-streets/index.html]
[gbot.dev/wp-content/themes/uncode/library/css/styleb24e.css]
[gbot.dev/wp-content/themes/uncode/library/css/uncode-iconsb24e.css]
[gbot.dev/wp-content/themes/uncode/library/css/style-customb24e.css]
[gbot.dev/2017/01/14/working-from-your-home/feed/index.html]
[gbot.dev/wp-content/themes/uncode/library/js/initb24e.js]
[gbot.dev/wp-json/oembed/1.0/embed482f.json]
[gbot.dev/wp-json/oembed/1.0/embed47ea]
[gbot.dev/2017/01/14/working-from-your-home/index.html]
[gbot.dev/wp-content/themes/uncode/library/js/appb24e.js]
[gbot.dev/wp-content/themes/uncode/library/js/pluginsb24e.js]
[gbot.dev/wp-content/themes/uncode/library/css/uncode-iconsd537.css]
[gbot.dev/wp-content/themes/uncode/library/css/styled537.css]
[gbot.dev/wp-content/themes/uncode/library/css/style-customd537.css]
[gbot.dev/2017/01/04/top-deejay-headphones/feed/index.html]
[gbot.dev/wp-content/themes/uncode/library/js/initd537.js]
[gbot.dev/wp-json/oembed/1.0/embed8fe1.json]
[gbot.dev/wp-json/oembed/1.0/embed1da8]
[gbot.dev/wp-content/uploads/2019/10/image-placeholder-17-min.jpg]
[gbot.dev/wp-content/uploads/2019/10/image-placeholder-17-min-uai-258x172.jpg]
[gbot.dev/wp-content/uploads/2019/10/image-placeholder-25-min.jpg]
[gbot.dev/wp-content/uploads/2019/10/image-placeholder-25-min-uai-258x172.jpg]
[gbot.dev/wp-content/uploads/2019/10/image-placeholder-28-min-uai-258x172.jpg]
[gbot.dev/wp-content/themes/uncode/library/js/pluginsd537.js]
[gbot.dev/2017/01/04/top-deejay-headphones/index.html]
[gbot.dev/wp-content/themes/uncode/library/css/style71ef.css]
[gbot.dev/wp-content/themes/uncode/library/css/uncode-icons71ef.css]
[gbot.dev/wp-content/themes/uncode/library/js/appd537.js]
[gbot.dev/wp-content/themes/uncode/library/css/style-custom71ef.css]
[gbot.dev/wp-content/themes/uncode/library/js/init71ef.js]
[gbot.dev/2017/03/03/stumbled-the-concept/feed/index.html]
[gbot.dev/wp-content/themes/uncode/library/css/uncode-icons1486.css]
[gbot.dev/wp-json/oembed/1.0/embed0b76.json]
[gbot.dev/wp-json/oembed/1.0/embed65f8]
[gbot.dev/2017/03/03/stumbled-the-concept/index.html]
[gbot.dev/wp-content/themes/uncode/library/js/app1486.js]
[gbot.dev/wp-content/themes/uncode/library/js/plugins1486.js]
[gbot.dev/wp-content/themes/uncode/library/css/styled710.css]
[gbot.dev/2017/03/02/time-is-passing-by/feed/index.html]
[gbot.dev/wp-content/themes/uncode/library/css/uncode-iconsd710.css]
[gbot.dev/wp-content/themes/uncode/library/css/style-customd710.css]
[gbot.dev/wp-content/themes/uncode/library/js/initd710.js]
[gbot.dev/wp-json/oembed/1.0/embed87a4.json]
[gbot.dev/wp-json/oembed/1.0/embed1520]
[gbot.dev/wp-login.html]
[gbot.dev/2017/03/02/time-is-passing-by/index.html]
[gbot.dev/wp-content/themes/uncode/library/js/appd710.js]
[gbot.dev/2020/03/index.html]
[gbot.dev/2020/02/index.html]
[gbot.dev/wp-content/themes/uncode/library/css/style86bf.css]
[gbot.dev/2017/03/index.html]
[gbot.dev/wp-content/themes/uncode/library/css/uncode-icons86bf.css]
[gbot.dev/2017/02/index.html]
[gbot.dev/wp-content/themes/uncode/library/css/style-custom86bf.css]
[gbot.dev/wp-content/themes/uncode/library/js/pluginsd710.js]
[gbot.dev/wp-content/themes/uncode/library/js/plugins71ef.js]
[gbot.dev/wp-content/themes/uncode/library/css/style5fc4.css]
[gbot.dev/wp-content/themes/uncode/library/css/uncode-icons5fc4.css]
[gbot.dev/wp-content/themes/uncode/library/css/style-custom5fc4.css]
[gbot.dev/wp-content/themes/uncode/library/js/init5fc4.js]
[gbot.dev/wp-json/oembed/1.0/embed6693.json]
[gbot.dev/2017/03/22/inspired-by-clouds/feed/index.html]
[gbot.dev/wp-json/oembed/1.0/embed78bb]
[gbot.dev/2017/03/22/inspired-by-clouds/index.html]
[gbot.dev/wp-content/themes/uncode/library/js/app5fc4.js]
[gbot.dev/2017/01/index.html]
[gbot.dev/wp-content/themes/uncode/library/js/plugins5fc4.js]
[gbot.dev/wp-content/themes/uncode/library/css/styleee2d.css]
[gbot.dev/wp-content/themes/uncode/library/css/uncode-iconsee2d.css]
[gbot.dev/wp-content/themes/uncode/library/css/style-customee2d.css]
[gbot.dev/wp-content/themes/uncode/library/js/initee2d.js]
[gbot.dev/wp-json/oembed/1.0/embed9436.json]
[gbot.dev/2017/03/20/make-it-clean-and-simple/feed/index.html]
[gbot.dev/wp-json/oembed/1.0/embed7e65]
[gbot.dev/wp-content/uploads/2019/10/image-placeholder-13-min-uai-258x129.jpg]
[gbot.dev/2017/03/20/make-it-clean-and-simple/index.html]
[gbot.dev/wp-content/themes/uncode/library/css/style9745.css]
[gbot.dev/wp-content/themes/uncode/library/css/uncode-icons9745.css]
[gbot.dev/wp-content/themes/uncode/library/css/style-custom9745.css]
[gbot.dev/wp-content/themes/uncode/library/js/appee2d.js]
[gbot.dev/wp-content/themes/uncode/library/js/pluginsee2d.js]
[gbot.dev/wp-content/themes/uncode/library/css/style3f12.css]
[gbot.dev/wp-content/themes/uncode/library/css/uncode-icons3f12.css]
[gbot.dev/wp-content/themes/uncode/library/css/style-custom3f12.css]
[gbot.dev/wp-content/themes/uncode/library/js/init3f12.js]
[gbot.dev/wp-json/oembed/1.0/embed25cb.json]
[gbot.dev/2017/02/06/my-tech-travel-setup/feed/index.html]
[gbot.dev/wp-json/oembed/1.0/embed9582]
[gbot.dev/wp-content/themes/uncode/library/js/plugins3f12.js]
[gbot.dev/2017/02/06/my-tech-travel-setup/index.html]
[gbot.dev/wp-content/themes/uncode/library/css/style1220.css]
[gbot.dev/wp-content/themes/uncode/library/css/uncode-icons1220.css]
[gbot.dev/wp-content/themes/uncode/library/css/style-custom1220.css]
[gbot.dev/wp-content/themes/uncode/library/css/style14df.css]
[gbot.dev/wp-content/themes/uncode/library/css/uncode-icons14df.css]
[gbot.dev/wp-content/themes/uncode/library/css/style-custom14df.css]
[gbot.dev/wp-content/themes/uncode/library/js/app3f12.js]
[gbot.dev/wp-content/themes/uncode/library/css/style423e.css]
[gbot.dev/wp-content/themes/uncode/library/css/uncode-icons423e.css]
[gbot.dev/wp-content/themes/uncode/library/css/style-custom423e.css]
[gbot.dev/2017/03/07/real-time-design-tools/feed/index.html]
[gbot.dev/wp-content/themes/uncode/library/js/init423e.js]
[gbot.dev/wp-json/oembed/1.0/embeddef5.json]
[gbot.dev/wp-json/oembed/1.0/embede3f6]
[gbot.dev/2017/03/07/real-time-design-tools/index.html]
[gbot.dev/wp-content/themes/uncode/library/css/style73ce.css]
[gbot.dev/wp-content/themes/uncode/library/css/uncode-icons73ce.css]
[gbot.dev/wp-content/themes/uncode/library/css/style-custom73ce.css]
[gbot.dev/wp-content/themes/uncode/library/js/app423e.js]
[gbot.dev/wp-content/themes/uncode/library/css/stylec30a.css]
[gbot.dev/wp-content/themes/uncode/library/js/plugins423e.js]
[gbot.dev/wp-content/themes/uncode/library/css/uncode-iconsc30a.css]
[gbot.dev/wp-content/themes/uncode/library/css/style-customc30a.css]
[gbot.dev/wp-content/themes/uncode/library/css/stylea03f.css]
[gbot.dev/wp-content/themes/uncode/library/css/uncode-iconsa03f.css]
[gbot.dev/tag/travel/feed/index.html]
[gbot.dev/wp-content/themes/uncode/library/css/style-customa03f.css]
[gbot.dev/wp-content/themes/uncode/library/css/style74ef.css]
[gbot.dev/2017/01/08/trust-your-intuition/index.html]
[gbot.dev/wp-content/themes/uncode/library/css/uncode-icons74ef.css]
[gbot.dev/wp-content/themes/uncode/library/css/style-custom74ef.css]
[gbot.dev/author/fercansen/feed/index.html]
[gbot.dev/wp-content/themes/uncode/library/css/uncode-iconsa234.css]
[gbot.dev/wp-content/themes/uncode/library/css/style-customa234.css]
[gbot.dev/index3058.html]
[gbot.dev/wp-content/themes/uncode/library/css/stylea234.css]
[gbot.dev/wp-content/themes/uncode/library/css/style8637.css]
[gbot.dev/wp-content/themes/uncode/library/css/uncode-icons8637.css]
[gbot.dev/wp-content/themes/uncode/library/css/style-custom8637.css]
[gbot.dev/wp-content/themes/uncode/library/js/init8637.js]
[gbot.dev/category/travel/feed/index.html]
[gbot.dev/category/travel/index.html]
[gbot.dev/index17ba.html]
[gbot.dev/wp-content/themes/uncode/library/css/styledbcd.css]
[gbot.dev/wp-content/themes/uncode/library/css/uncode-iconsdbcd.css]
[gbot.dev/wp-content/themes/uncode/library/css/style-customdbcd.css]
[gbot.dev/wp-content/themes/uncode/library/js/app8637.js]
[gbot.dev/wp-content/themes/uncode/library/js/plugins8637.js]
[gbot.dev/wp-content/themes/uncode/library/css/style5df7.css]
[gbot.dev/wp-content/themes/uncode/library/css/uncode-icons5df7.css]
[gbot.dev/wp-content/themes/uncode/library/css/style-custom5df7.css]
[gbot.dev/wp-content/themes/uncode/library/js/init5df7.js]
[gbot.dev/wp-content/themes/uncode/library/js/plugins5df7.js]
[gbot.dev/author/gbotweb/page/2/index.html]
[gbot.dev/wp-content/themes/uncode/library/css/style9ddb.css]
[gbot.dev/wp-content/themes/uncode/library/css/uncode-icons9ddb.css]
[gbot.dev/wp-content/themes/uncode/library/css/style-custom9ddb.css]
[gbot.dev/index5c2c.html]
[gbot.dev/wp-content/themes/uncode/library/js/app5df7.js]
[gbot.dev/wp-content/themes/uncode/library/css/styledd98.css]
[gbot.dev/wp-content/themes/uncode/library/css/uncode-iconsdd98.css]
[gbot.dev/wp-content/themes/uncode/library/css/style-customdd98.css]
[gbot.dev/portfolio/centered-custom-two/feed/index.html]
[gbot.dev/wp-content/themes/uncode/library/js/initdd98.js]
[gbot.dev/wp-json/oembed/1.0/embed665f.json]
[gbot.dev/wp-json/oembed/1.0/embeda337]
[gbot.dev/wp-content/uploads/2019/10/device-placeholder-uai-258x403.png]
[gbot.dev/portfolio/centered-custom-two/index.html]
[gbot.dev/wp-content/themes/uncode/library/css/stylea0fa.css]
[gbot.dev/wp-content/themes/uncode/library/js/appdd98.js]
[gbot.dev/wp-content/themes/uncode/library/css/uncode-iconsa0fa.css]
[gbot.dev/wp-content/themes/uncode/library/css/style-customa0fa.css]
[gbot.dev/indexf436.html]
[gbot.dev/wp-content/themes/uncode/library/css/style4f9b.css]
[gbot.dev/wp-content/themes/uncode/library/css/uncode-icons4f9b.css]
[gbot.dev/wp-content/themes/uncode/library/css/style-custom4f9b.css]
[gbot.dev/index61dc.html]
[gbot.dev/wp-content/themes/uncode/library/css/stylea4e7.css]
[gbot.dev/wp-content/themes/uncode/library/css/uncode-iconsa4e7.css]
[gbot.dev/wp-content/themes/uncode/library/css/style-customa4e7.css]
[gbot.dev/indexf420.html]
[gbot.dev/wp-content/themes/uncode/library/css/style2c25.css]
[gbot.dev/wp-content/themes/uncode/library/css/uncode-icons2c25.css]
[gbot.dev/wp-content/themes/uncode/library/css/style-custom2c25.css]
[gbot.dev/indexf591.html]
[gbot.dev/portfolio_cat/branding/index.html]
[gbot.dev/wp-content/themes/uncode/library/css/style514c.css]
[gbot.dev/wp-content/themes/uncode/library/css/uncode-icons514c.css]
[gbot.dev/wp-content/themes/uncode/library/css/style-custom514c.css]
[gbot.dev/indexcc03.html]
[gbot.dev/wp-content/themes/uncode/library/css/style5773.css]
[gbot.dev/wp-content/themes/uncode/library/css/style-custom5773.css]
[gbot.dev/index2e1a.html]
[gbot.dev/wp-content/themes/uncode/library/css/uncode-icons5773.css]
[gbot.dev/wp-content/themes/uncode/library/css/styled0d2.css]
[gbot.dev/wp-content/themes/uncode/library/css/uncode-iconsd0d2.css]
[gbot.dev/wp-content/themes/uncode/library/css/style-customd0d2.css]
[gbot.dev/index4138.html]
[gbot.dev/wp-json/oembed/1.0/embed99f8]
[gbot.dev/wp-content/themes/uncode/library/js/pluginsdd98.js]
[gbot.dev/wp-content/themes/uncode/library/css/style3439.css]
[gbot.dev/wp-content/themes/uncode/library/css/uncode-icons3439.css]
[gbot.dev/wp-content/themes/uncode/library/css/style-custom3439.css]
[gbot.dev/category/arts/index.html]
[gbot.dev/index3179.html]
[gbot.dev/wp-content/themes/uncode/library/js/init3439.js]
[gbot.dev/category/business/index.html]
[gbot.dev/category/lifestyle/index.html]
[gbot.dev/wp-content/themes/uncode/library/css/style3b3c.css]
[gbot.dev/wp-content/themes/uncode/library/css/uncode-icons3b3c.css]
[gbot.dev/wp-content/themes/uncode/library/css/style-custom3b3c.css]
[gbot.dev/index0e82.html]
[gbot.dev/wp-content/themes/uncode/library/css/stylefaea.css]
[gbot.dev/wp-content/themes/uncode/library/css/uncode-iconsfaea.css]
[gbot.dev/wp-content/themes/uncode/library/css/style-customfaea.css]
[gbot.dev/index4dfc.html]
[gbot.dev/wp-content/themes/uncode/library/css/style66b3.css]
[gbot.dev/wp-content/themes/uncode/library/css/uncode-icons66b3.css]
[gbot.dev/wp-content/themes/uncode/library/css/style-custom66b3.css]
[gbot.dev/index5a34.html]
[gbot.dev/wp-content/themes/uncode/library/css/style305f.css]
[gbot.dev/wp-content/themes/uncode/library/css/uncode-icons305f.css]
[gbot.dev/wp-content/themes/uncode/library/css/style-custom305f.css]
[gbot.dev/index850e.html]
[gbot.dev/wp-json/oembed/1.0/embed027c]
[gbot.dev/2017/02/18/hey-dj-play-that-song/feed/index.html]
[gbot.dev/wp-content/themes/uncode/library/css/uncode-iconsd0a7.css]
[gbot.dev/wp-content/themes/uncode/library/css/styled0a7.css]
[gbot.dev/wp-content/themes/uncode/library/css/style-customd0a7.css]
[gbot.dev/wp-content/themes/uncode/library/js/initd0a7.js]
[gbot.dev/wp-json/oembed/1.0/embed6272.json]
[gbot.dev/2017/01/28/sounds-from-the-streets/feed/index.html]
[gbot.dev/wp-json/oembed/1.0/embedb385]
[gbot.dev/2017/01/28/sounds-from-the-streets/index.html]
[gbot.dev/wp-content/themes/uncode/library/css/styleb24e.css]
[gbot.dev/wp-content/themes/uncode/library/css/uncode-iconsb24e.css]
[gbot.dev/wp-content/themes/uncode/library/css/style-customb24e.css]
[gbot.dev/indexeb2d.html]
[gbot.dev/wp-content/themes/uncode/library/css/styled537.css]
[gbot.dev/wp-content/themes/uncode/library/css/uncode-iconsd537.css]
[gbot.dev/wp-content/themes/uncode/library/css/style-customd537.css]
[gbot.dev/index83c3.html]
[gbot.dev/wp-content/themes/uncode/library/css/style-custom71ef.css]
[gbot.dev/wp-content/themes/uncode/library/css/uncode-icons1486.css]
[gbot.dev/wp-content/themes/uncode/library/js/appd0a7.js]
[gbot.dev/wp-content/themes/uncode/library/css/style1486.css]
[gbot.dev/wp-content/themes/uncode/library/js/init1486.js]
[gbot.dev/index1a90.html]
[gbot.dev/wp-content/themes/uncode/library/css/styled710.css]
[gbot.dev/wp-content/themes/uncode/library/css/uncode-iconsd710.css]
[gbot.dev/wp-content/themes/uncode/library/css/style-custom1486.css]
[gbot.dev/wp-content/themes/uncode/library/css/style-customd710.css]
[gbot.dev/index4f3e.html]
[gbot.dev/wp-content/themes/uncode/library/js/pluginsd0a7.js]
[gbot.dev/wp-content/themes/uncode/library/css/style7558.css]
[gbot.dev/wp-content/themes/uncode/library/css/uncode-icons7558.css]
[gbot.dev/wp-content/themes/uncode/library/css/style-custom7558.css]
[gbot.dev/wp-content/themes/uncode/library/js/init7558.js]
[gbot.dev/wp-content/themes/uncode/library/js/plugins7558.js]
[gbot.dev/2020/03/index.html]
[gbot.dev/wp-content/themes/uncode/library/js/app7558.js]
[gbot.dev/wp-content/themes/uncode/library/css/stylee0f2.css]
[gbot.dev/wp-content/themes/uncode/library/css/uncode-iconse0f2.css]
[gbot.dev/wp-content/themes/uncode/library/css/style-custome0f2.css]
[gbot.dev/wp-content/themes/uncode/library/js/inite0f2.js]
[gbot.dev/wp-content/themes/uncode/library/js/pluginse0f2.js]
[gbot.dev/2020/02/index.html]
[gbot.dev/wp-content/themes/uncode/library/js/appe0f2.js]
[gbot.dev/wp-content/themes/uncode/library/css/style58fd.css]
[gbot.dev/wp-content/themes/uncode/library/css/uncode-icons58fd.css]
[gbot.dev/wp-content/themes/uncode/library/css/style-custom58fd.css]
[gbot.dev/wp-content/themes/uncode/library/js/init58fd.js]
[gbot.dev/wp-content/themes/uncode/library/js/plugins58fd.js]
[gbot.dev/2017/03/index.html]
[gbot.dev/wp-content/themes/uncode/library/js/app58fd.js]
[gbot.dev/wp-content/themes/uncode/library/css/style38e3.css]
[gbot.dev/wp-content/themes/uncode/library/css/uncode-icons38e3.css]
[gbot.dev/wp-content/themes/uncode/library/css/style-custom38e3.css]
[gbot.dev/wp-content/themes/uncode/library/js/init38e3.js]
[gbot.dev/wp-content/themes/uncode/library/js/plugins38e3.js]
[gbot.dev/2017/02/index.html]
[gbot.dev/wp-content/themes/uncode/library/js/app38e3.js]
[gbot.dev/wp-content/themes/uncode/library/css/style7408.css]
[gbot.dev/wp-content/themes/uncode/library/css/uncode-icons7408.css]
[gbot.dev/wp-content/themes/uncode/library/css/style-custom7408.css]
[gbot.dev/wp-content/themes/uncode/library/js/init7408.js]
[gbot.dev/wp-content/themes/uncode/library/js/plugins7408.js]
[gbot.dev/2017/01/index.html]
[gbot.dev/wp-content/themes/uncode/library/js/app7408.js]
[gbot.dev/wp-includes/css/dashicons.min03ec.css]
[gbot.dev/wp-includes/css/buttons.min03ec.css]
[gbot.dev/wp-content/uploads/2020/01/cropped-icon-1-270x270.png]
[gbot.dev/wp-loginc2b6.html]
[gbot.dev/wp-includes/js/zxcvbn-async.min5152.js]
[gbot.dev/wp-includes/js/underscore.min4511.js]
[gbot.dev/wp-includes/js/wp-util.min03ec.js]
[gbot.dev/wp-login.html]
[gbot.dev/wp-content/themes/uncode/library/css/style5fc4.css]
[gbot.dev/wp-content/themes/uncode/library/css/uncode-icons5fc4.css]
[gbot.dev/wp-content/themes/uncode/library/css/style-custom5fc4.css]
[gbot.dev/indexf9d8.html]
[gbot.dev/wp-content/themes/uncode/library/css/styleee2d.css]
[gbot.dev/wp-content/themes/uncode/library/css/uncode-iconsee2d.css]
[gbot.dev/wp-content/themes/uncode/library/css/style-customee2d.css]
[gbot.dev/index45df.html]
[gbot.dev/wp-content/themes/uncode/library/css/style3f12.css]
[gbot.dev/wp-content/themes/uncode/library/css/uncode-icons3f12.css]
[gbot.dev/wp-content/themes/uncode/library/css/style-custom3f12.css]
[gbot.dev/indexfa7d.html]
[gbot.dev/wp-content/themes/uncode/library/css/style423e.css]
[gbot.dev/wp-content/themes/uncode/library/css/uncode-icons423e.css]
[gbot.dev/wp-content/themes/uncode/library/css/style-custom423e.css]
[gbot.dev/index4e52.html]
[gbot.dev/wp-content/themes/uncode/library/css/uncode-icons6aaf.css]
[gbot.dev/wp-content/themes/uncode/library/css/style6aaf.css]
[gbot.dev/wp-content/themes/uncode/library/css/style-custom6aaf.css]
[gbot.dev/wp-content/themes/uncode/library/js/init6aaf.js]
[gbot.dev/wp-json/oembed/1.0/embedcbdc.json]
[gbot.dev/2017/01/08/trust-your-intuition/feed/index.html]
[gbot.dev/wp-json/oembed/1.0/embed16ea]
[gbot.dev/wp-content/uploads/2019/10/image-placeholder-20-min-uai-258x145.jpg]
[gbot.dev/2017/01/08/trust-your-intuition/index.html]
[gbot.dev/wp-content/themes/uncode/library/css/stylea234.css]
[gbot.dev/wp-content/themes/uncode/library/css/style8637.css]
[gbot.dev/wp-content/themes/uncode/library/css/uncode-icons8637.css]
[gbot.dev/wp-content/themes/uncode/library/css/style-custom8637.css]
[gbot.dev/wp-content/themes/uncode/library/css/style5df7.css]
[gbot.dev/wp-content/themes/uncode/library/css/uncode-icons5df7.css]
[gbot.dev/wp-content/themes/uncode/library/css/style-custom5df7.css]
[gbot.dev/wp-content/themes/uncode/library/css/styledd98.css]
[gbot.dev/wp-content/themes/uncode/library/css/uncode-iconsdd98.css]
[gbot.dev/wp-content/themes/uncode/library/css/style-customdd98.css]
[gbot.dev/index9c47.html]
[gbot.dev/wp-content/themes/uncode/library/js/app6aaf.js]
[gbot.dev/wp-content/themes/uncode/library/js/plugins6aaf.js]
[gbot.dev/wp-content/themes/uncode/library/css/styled73e.css]
[gbot.dev/wp-content/themes/uncode/library/css/uncode-iconsd73e.css]
[gbot.dev/portfolio_cat/branding/feed/index.html]
[gbot.dev/wp-content/themes/uncode/library/css/style-customd73e.css]
[gbot.dev/wp-content/themes/uncode/library/js/initd73e.js]
[gbot.dev/wp-content/themes/uncode/library/js/pluginsd73e.js]
[gbot.dev/portfolio_cat/branding/index.html]
[gbot.dev/wp-content/themes/uncode/library/css/uncode-icons5773.css]
[gbot.dev/wp-content/themes/uncode/library/js/appd73e.js]
[gbot.dev/wp-content/themes/uncode/library/css/stylee63e.css]
[gbot.dev/wp-content/themes/uncode/library/css/uncode-iconse63e.css]
[gbot.dev/wp-content/themes/uncode/library/css/style-custome63e.css]
[gbot.dev/wp-content/themes/uncode/library/js/inite63e.js]
[gbot.dev/category/lifestyle/feed/index.html]
[gbot.dev/category/lifestyle/index.html]
[gbot.dev/wp-content/themes/uncode/library/js/appe63e.js]
[gbot.dev/wp-content/themes/uncode/library/js/pluginse63e.js]
[gbot.dev/wp-content/themes/uncode/library/css/style89a2.css]
[gbot.dev/wp-content/themes/uncode/library/css/uncode-icons89a2.css]
[gbot.dev/wp-content/themes/uncode/library/css/style-custom89a2.css]
[gbot.dev/wp-content/themes/uncode/library/js/init89a2.js]
[gbot.dev/category/arts/feed/index.html]
[gbot.dev/category/arts/index.html]
[gbot.dev/wp-content/themes/uncode/library/js/app89a2.js]
[gbot.dev/wp-content/themes/uncode/library/js/plugins89a2.js]
[gbot.dev/wp-content/themes/uncode/library/css/style251f.css]
[gbot.dev/wp-content/themes/uncode/library/css/uncode-icons251f.css]
[gbot.dev/category/business/feed/index.html]
[gbot.dev/wp-content/themes/uncode/library/css/style-custom251f.css]
[gbot.dev/wp-content/themes/uncode/library/js/init251f.js]
[gbot.dev/category/business/index.html]
[gbot.dev/wp-content/themes/uncode/library/css/styled0a7.css]
[gbot.dev/wp-content/themes/uncode/library/css/uncode-iconsd0a7.css]
[gbot.dev/wp-content/themes/uncode/library/css/style-customd0a7.css]
[gbot.dev/index2488.html]
[gbot.dev/wp-content/themes/uncode/library/css/style1486.css]
[gbot.dev/wp-content/themes/uncode/library/css/style-custom1486.css]
[gbot.dev/wp-content/themes/uncode/library/css/style7558.css]
[gbot.dev/wp-content/themes/uncode/library/css/uncode-icons7558.css]
[gbot.dev/wp-content/themes/uncode/library/css/style-custom7558.css]
[gbot.dev/wp-content/themes/uncode/library/js/app251f.js]
[gbot.dev/wp-content/themes/uncode/library/css/stylee0f2.css]
[gbot.dev/wp-content/themes/uncode/library/css/uncode-iconse0f2.css]
[gbot.dev/wp-content/themes/uncode/library/css/style-custome0f2.css]
[gbot.dev/wp-content/themes/uncode/library/css/style58fd.css]
[gbot.dev/wp-content/themes/uncode/library/css/uncode-icons58fd.css]
[gbot.dev/wp-content/themes/uncode/library/css/style-custom58fd.css]
[gbot.dev/wp-content/themes/uncode/library/css/style38e3.css]
[gbot.dev/wp-content/themes/uncode/library/css/uncode-icons38e3.css]
[gbot.dev/wp-content/themes/uncode/library/css/style-custom38e3.css]
[gbot.dev/wp-content/themes/uncode/library/css/style7408.css]
[gbot.dev/wp-content/themes/uncode/library/css/uncode-icons7408.css]
[gbot.dev/wp-content/themes/uncode/library/js/plugins251f.js]
[gbot.dev/wp-content/themes/uncode/library/css/style-custom7408.css]
[gbot.dev/wp-includes/fonts/dashicons2ce6.eot]
[gbot.dev/wp-includes/fonts/dashicons2ce6.ttf]
[gbot.dev/wp-includes/css/dashicons.min03ec.css]
[gbot.dev/wp-includes/css/buttons.min03ec.css]
[gbot.dev/wp-loginc2b6.html]
[gbot.dev/wp-content/themes/uncode/library/css/style6aaf.css]
[gbot.dev/wp-content/themes/uncode/library/css/uncode-icons6aaf.css]
[gbot.dev/wp-content/themes/uncode/library/css/style-custom6aaf.css]
[gbot.dev/indexdeb6.html]
[gbot.dev/wp-content/themes/uncode/library/css/styled73e.css]
[gbot.dev/wp-content/themes/uncode/library/css/uncode-iconsd73e.css]
[gbot.dev/wp-content/themes/uncode/library/css/style-customd73e.css]
[gbot.dev/wp-content/themes/uncode/library/css/stylee63e.css]
[gbot.dev/wp-content/themes/uncode/library/css/uncode-iconse63e.css]
[gbot.dev/wp-content/themes/uncode/library/css/style-custome63e.css]
[gbot.dev/wp-content/themes/uncode/library/css/style89a2.css]
[gbot.dev/wp-content/themes/uncode/library/css/uncode-icons89a2.css]
[gbot.dev/wp-content/themes/uncode/library/css/style-custom89a2.css]
[gbot.dev/wp-content/themes/uncode/library/css/style251f.css]
[gbot.dev/wp-content/themes/uncode/library/css/uncode-icons251f.css]
[gbot.dev/wp-content/themes/uncode/library/css/style-custom251f.css]
